// Jest Snapshot v1, https://goo.gl/fbAQLP

exports[`<Card /> renders this UI as expected 1`] = `
<div
  className="Card"
>
  <button
    type="button"
  >
    delete
  </button>
  <h3 />
  <p />
</div>
`;

exports[`<List /> renders this UI as expected 1`] = `
<section
  className="List"
>
  <header
    className="List-header"
  >
    <h2 />
  </header>
  <div
    className="List-cards"
  >
    <div
      className="Card"
    >
      <button
        type="button"
      >
        delete
      </button>
      <h3>
        this is the title
      </h3>
      <p>
        this is content
      </p>
    </div>
    <button
      className="List-add-button"
      type="button"
    >
      + Add Random Card
    </button>
  </div>
</section>
`;
